........................................................................ [ 49%]
...........................EEE.......................................... [ 98%]
..                                                                       [100%]
=================================== ERRORS ====================================
_____ ERROR at setup of TestInitDbMigrations.test_create_tables_clean_db ______
E   ConnectionRefusedError: [WinError 1225] ╙фрыхээ√щ ъюья№■ЄхЁ юЄъыюэшы ¤Єю ёхЄхтюх яюфъы■ўхэшх
____ ERROR at setup of TestInitDbMigrations.test_create_tables_idempotent _____
E   ConnectionRefusedError: [WinError 1225] ╙фрыхээ√щ ъюья№■ЄхЁ юЄъыюэшы ¤Єю ёхЄхтюх яюфъы■ўхэшх
__ ERROR at setup of TestInitDbMigrations.test_migrations_with_boundary_data __
E   ConnectionRefusedError: [WinError 1225] ╙фрыхээ√щ ъюья№■ЄхЁ юЄъыюэшы ¤Єю ёхЄхтюх яюфъы■ўхэшх
=========================== short test summary info ===========================
ERROR tests/test_init_db.py::TestInitDbMigrations::test_create_tables_clean_db
ERROR tests/test_init_db.py::TestInitDbMigrations::test_create_tables_idempotent
ERROR tests/test_init_db.py::TestInitDbMigrations::test_migrations_with_boundary_data
143 passed, 3 errors in 15.41s
